<?xml version="1.0" encoding="UTF-8"?>
<testsuites name="Mocha Tests" time="3.856" tests="1" failures="1">
  <testsuite name="Root Suite" timestamp="2025-11-09T12:30:01" tests="0" time="0.000" failures="0">
  </testsuite>
  <testsuite name="Contract: Truffle: Withdraw senza AffiliateTracker configurato" timestamp="2025-11-09T12:30:01" tests="1" file="C:\Users\filip\OneDrive\Desktop\TRUDEx\TRUDE\test\truffle\affiliateTracker.unset.test.js" time="3.852" failures="1">
    <testcase name="Contract: Truffle: Withdraw senza AffiliateTracker configurato non emette AffiliatePaid se il tracker non è configurato" time="3.103" classname="non emette AffiliatePaid se il tracker non è configurato">
      <failure message="expected &apos;5000000000000000&apos; to equal &apos;10000000000000000&apos;" type="AssertionError"><![CDATA[AssertionError: expected '5000000000000000' to equal '10000000000000000'
    at Context.<anonymous> (file:///C:/Users/filip/OneDrive/Desktop/TRUDEx/TRUDE/test/truffle/affiliateTracker.unset.test.js:38:12)
    at processTicksAndRejections (node:internal/process/task_queues:105:5)

      + expected - actual

      -5000000000000000
      +10000000000000000
      ]]></failure>
    </testcase>
  </testsuite>
</testsuites>