<testsuite name="placeholder" tests="0" failures="0"></testsuite>